* ******************************************************************************

* iCEcube Report

* Version:            2017.08.27940

* Build Date:         Sep 11 2017 16:52:36

* File Generated:     Apr 5 2020 01:05:05

* Purpose:            General info of design implementation

* Copyright (C) 2006-2010 by Lattice Semiconductor Corp. All rights reserved.

* ******************************************************************************

Synthesis/Placement Summary:
----------------------------
    Status:  Successful
    Runtime: 1 seconds

Device Info:
------------
    Device Family: iCE40UP
    Device:        iCE40UP5K
    Package:       SG48

Design statistics:
------------------
    FFs:                  243
    LUTs:                 468
    RAMs:                 4
    IOBs:                 20
    GBs:                  2
    PLLs:                 1
    Warm Boots:           0
    SPIs:                 0
    I2Cs:                 0
    HFOSCs:               0
    LFOSCs:               0
    RGBA_DRVs:            0
    LEDDA_IPs:            0
    DSPs:                 0
    SPRAMs:               0
    FILTER_50NSs:         0

Logic Resource Utilization:
---------------------------
    Total Logic Cells: 470/5280
        Combinational Logic Cells: 227      out of   5280      4.29924%
        Sequential Logic Cells:    243      out of   5280      4.60227%
        Logic Tiles:               114      out of   660       17.2727%
    Registers: 
        Logic Registers:           243      out of   5280      4.60227%
        IO Registers:              0        out of   480       0
    Block RAMs:                    4        out of   30        13.3333%
    Warm Boots:                    0        out of   1         0%
    SPIs:                          0        out of   2         0%
    I2Cs:                          0        out of   2         0%
    HFOSCs:                        0        out of   1         0%
    LFOSCs:                        0        out of   1         0%
    RGBA_DRVs:                     0        out of   1         0%
    LEDDA_IPs:                     0        out of   1         0%
    DSPs:                          0        out of   8         0%
    SPRAMs:                        0        out of   4         0%
    FILTER_50NSs:                  0        out of   2         0%
    Pins:
        Input Pins:                4        out of   39        10.2564%
        Output Pins:               8        out of   39        20.5128%
        InOut Pins:                8        out of   39        20.5128%
    Global Buffers:                2        out of   8         25%
    PLLs:                          1        out of   1         100%

IO Bank Utilization:
--------------------
    Bank 3: 0        out of   0         0%
    Bank 1: 0        out of   0         0%
    Bank 0: 5        out of   17        29.4118%
    Bank 2: 15       out of   22        68.1818%

Detailed I/O Info:
------------------
    Input Pins: 
    Pin Number  Direction  IO Standard  Pull Up  IO Bank  IO Function                                Signal Name    
    ----------  ---------  -----------  -------  -------  -----------                                -----------    
    4           Input      SB_LVCMOS    No       2        Simple Input                               P1A1           
    10          Input      SB_LVCMOS    No       2        Simple Input                               BTN_N          
    26          Input      SB_LVCMOS    No       0        Simple Input                               iRxF_n         
    27          Input      SB_LVCMOS    No       0        Simple Input                               iTxE_n         

    Output Pins: 
    Pin Number  Direction  IO Standard  Pull Up  IO Bank  IO Function                                Signal Name    
    ----------  ---------  -----------  -------  -------  -----------                                -----------    
    2           Output     SB_LVCMOS    No       2        Simple Output                              P1A2           
    3           Output     SB_LVCMOS    No       2        Simple Output                              P1A7           
    11          Output     SB_LVCMOS    No       2        Simple Output                              oRx_n          
    37          Output     SB_LVCMOS    No       0        Simple Output                              oTx_n          
    45          Output     SB_LVCMOS    No       2        Simple Output                              P1A4           
    46          Output     SB_LVCMOS    No       2        Output Tristatable by Enable               P1A9           
    47          Output     SB_LVCMOS    No       2        Simple Output                              P1A3           
    48          Output     SB_LVCMOS    No       2        Output Tristatable by Enable               P1A8           

    Inoutput Pins: 
    Pin Number  Direction  IO Standard  Pull Up  IO Bank  IO Function                                Signal Name    
    ----------  ---------  -----------  -------  -------  -----------                                -----------    
    6           InOut      SB_LVCMOS    No       2        Simple Input Output Tristatable by Enable  ioFifoData[0]  
    9           InOut      SB_LVCMOS    No       2        Simple Input Output Tristatable by Enable  ioFifoData[1]  
    18          InOut      SB_LVCMOS    No       2        Simple Input Output Tristatable by Enable  ioFifoData[2]  
    19          InOut      SB_LVCMOS    No       2        Simple Input Output Tristatable by Enable  ioFifoData[3]  
    20          InOut      SB_LVCMOS    No       2        Simple Input Output Tristatable by Enable  ioFifoData[4]  
    21          InOut      SB_LVCMOS    No       2        Simple Input Output Tristatable by Enable  ioFifoData[5]  
    23          InOut      SB_LVCMOS    No       0        Simple Input Output Tristatable by Enable  ioFifoData[6]  
    25          InOut      SB_LVCMOS    No       0        Simple Input Output Tristatable by Enable  ioFifoData[7]  

Detailed Global Buffer Info:
----------------------------
    Buffer Number  IO Bank  Driven By  Fanout  Signal Name     
    -------------  -------  ---------  ------  -----------     
    4              0                   40      N_292_g         
    6              2                   145     wPllLocked_i_g  


Router Summary:
---------------
    Status:  Successful
    Runtime: 8 seconds

Routing Resource Utilization:
-----------------------------
              Local line of tile     3590 out of 110555      3.24725%
                          Span 4      529 out of  23008      2.2992%
                         Span 12       98 out of   4464      2.19534%
                  Global network        3 out of      8      37.5%
      Vertical Inter-LUT Connect       51 out of   4620      1.1039%

