# Synopsys Constraint Checker(syntax only), version maplat, Build 1612R, built Dec  5 2016
# Copyright (C) 1994-2016 Synopsys, Inc. All rights reserved. This Synopsys software and all associated documentation are proprietary to Synopsys, Inc. and may only be used pursuant to the terms and conditions of a written license agreement with Synopsys, Inc. All other use, reproduction, modification, or distribution of the Synopsys software or the associated documentation is strictly prohibited.

# Written on Sun Mar 29 23:00:11 2020


##### DESIGN INFO #######################################################

Top View:                "top"
Constraint File(s):      (none)

#Run constraint checker to find more issues with constraints.
#########################################################################



No issues found in constraint syntax.



Clock Summary
*************

Start                                  Requested     Requested     Clock                       Clock                     Clock
Clock                                  Frequency     Period        Type                        Group                     Load 
------------------------------------------------------------------------------------------------------------------------------
System                                 502.3 MHz     1.991         system                      system_clkgroup           3    
top_pll|PLLOUTGLOBAL_derived_clock     68.9 MHz      14.521        derived (from top|iClk)     Autoconstr_clkgroup_0     128  
top|iClk                               17.2 MHz      58.085        inferred                    Autoconstr_clkgroup_0     0    
==============================================================================================================================
